src/app/api/settings/route.ts(21,39): error TS2769: No overload matches this call.
  Overload 1 of 5, '(docs: { _id?: ObjectIdQueryTypeCasting | undefined; registrationClosed?: boolean | undefined; maintenanceMode?: boolean | undefined; eventDate?: DateQueryTypeCasting | undefined; ... 6 more ...; updatedAt?: DateQueryTypeCasting | undefined; }[], options?: CreateOptions | undefined): Promise<...>', gave the following error.
    Object literal may only specify known properties, and 'registrationClosed' does not exist in type '{ _id?: ObjectIdQueryTypeCasting | undefined; registrationClosed?: boolean | undefined; maintenanceMode?: boolean | undefined; eventDate?: DateQueryTypeCasting | undefined; ... 6 more ...; updatedAt?: DateQueryTypeCasting | undefined; }[]'.
  Overload 2 of 5, '(doc: { _id?: ObjectIdQueryTypeCasting | undefined; registrationClosed?: boolean | undefined; maintenanceMode?: boolean | undefined; eventDate?: DateQueryTypeCasting | undefined; ... 6 more ...; updatedAt?: DateQueryTypeCasting | undefined; }): Promise<...>', gave the following error.
    Object literal may only specify known properties, and 'colleges' does not exist in type '{ _id?: ObjectIdQueryTypeCasting | undefined; registrationClosed?: boolean | undefined; maintenanceMode?: boolean | undefined; eventDate?: DateQueryTypeCasting | undefined; ... 6 more ...; updatedAt?: DateQueryTypeCasting | undefined; }'.
  Overload 3 of 5, '(...docs: { _id?: ObjectIdQueryTypeCasting | undefined; registrationClosed?: boolean | undefined; maintenanceMode?: boolean | undefined; eventDate?: DateQueryTypeCasting | undefined; ... 6 more ...; updatedAt?: DateQueryTypeCasting | undefined; }[]): Promise<...>', gave the following error.
    Object literal may only specify known properties, and 'colleges' does not exist in type '{ _id?: ObjectIdQueryTypeCasting | undefined; registrationClosed?: boolean | undefined; maintenanceMode?: boolean | undefined; eventDate?: DateQueryTypeCasting | undefined; ... 6 more ...; updatedAt?: DateQueryTypeCasting | undefined; }'.
src/app/api/settings/route.ts(66,27): error TS2339: Property 'colleges' does not exist on type 'Document<unknown, {}, ISettings, {}, DefaultSchemaOptions> & ISettings & Required<{ _id: ObjectId; }> & { ...; }'.
src/app/api/settings/route.ts(66,48): error TS2339: Property 'colleges' does not exist on type 'Document<unknown, {}, ISettings, {}, DefaultSchemaOptions> & ISettings & Required<{ _id: ObjectId; }> & { ...; }'.
src/app/api/settings/route.ts(67,26): error TS2339: Property 'colleges' does not exist on type 'Document<unknown, {}, ISettings, {}, DefaultSchemaOptions> & ISettings & Required<{ _id: ObjectId; }> & { ...; }'.
src/app/api/settings/route.ts(101,27): error TS2339: Property 'cities' does not exist on type 'Document<unknown, {}, ISettings, {}, DefaultSchemaOptions> & ISettings & Required<{ _id: ObjectId; }> & { ...; }'.
src/app/api/settings/route.ts(101,46): error TS2339: Property 'cities' does not exist on type 'Document<unknown, {}, ISettings, {}, DefaultSchemaOptions> & ISettings & Required<{ _id: ObjectId; }> & { ...; }'.
src/app/api/settings/route.ts(102,26): error TS2339: Property 'cities' does not exist on type 'Document<unknown, {}, ISettings, {}, DefaultSchemaOptions> & ISettings & Required<{ _id: ObjectId; }> & { ...; }'.
src/components/dashboards/AdminDashboard.tsx(1404,22): error TS2304: Cannot find name 'DataManagementTab'.
